  total tags  hotspot tags    SPOT
       86999         43368  0.4984
