adapter-trimmed	18186
aligned-readlength-16	2
aligned-readlength-17	2
aligned-readlength-18	18
aligned-readlength-20	94
aligned-readlength-21	164
aligned-readlength-22	280
aligned-readlength-23	338
aligned-readlength-24	484
aligned-readlength-25	546
aligned-readlength-26	726
aligned-readlength-27	918
aligned-readlength-28	1050
aligned-readlength-29	1194
aligned-readlength-30	1272
aligned-readlength-31	1304
aligned-readlength-32	1318
aligned-readlength-33	1416
aligned-readlength-34	1476
aligned-readlength-36	162214
all-aligned	178211
all-mapq-filter	2446
autosomal-align	174816
chr22	174702
chr22_KI270733v1_random	8
chr22_KI270735v1_random	2
chr22_KI270736v1_random	2
duplicate	2778
duplicate-nuclear	2778
mapq-0	90860
mapq-1	9
mapq-10	43
mapq-11	67
mapq-12	110
mapq-13	45
mapq-14	20
mapq-15	260
mapq-16	13
mapq-17	1093
mapq-18	54
mapq-19	30
mapq-2	8
mapq-20	198
mapq-21	3
mapq-22	137
mapq-23	690
mapq-24	10
mapq-25	1538
mapq-26	12
mapq-27	7
mapq-28	6
mapq-29	4947
mapq-3	18
mapq-30	21
mapq-32	8
mapq-33	10
mapq-34	8
mapq-35	16
mapq-36	493
mapq-37	17232
mapq-38	64
mapq-39	36
mapq-4	18
mapq-40	92
mapq-41	70
mapq-42	46
mapq-43	112
mapq-44	70
mapq-45	128
mapq-46	508
mapq-47	92
mapq-48	216
mapq-49	138
mapq-5	26
mapq-50	1494
mapq-51	66
mapq-52	210
mapq-53	142
mapq-54	224
mapq-55	234
mapq-57	568
mapq-6	26
mapq-60	144184
mapq-7	25
mapq-8	21
mapq-9	94
mm	4766
nm	88659
nuclear-align	174816
paired-aligned	174816
paired-autosomal-align	174816
paired-nuclear-align	174816
pf	266870
qc	0
qc-flagged	92054
readlength-16	2
readlength-17	2
readlength-18	28
readlength-20	118
readlength-21	218
readlength-22	348
readlength-23	494
readlength-24	688
readlength-25	782
readlength-26	960
readlength-27	1292
readlength-28	1588
readlength-29	1786
readlength-30	1860
readlength-31	1916
readlength-32	1922
readlength-33	2020
readlength-34	2162
readlength-36	248684
samflag-1107	668
samflag-1123	721
samflag-1171	721
samflag-1187	668
samflag-147	43014
samflag-1609	11
samflag-1617	3
samflag-163	42999
samflag-1633	1
samflag-1657	6
samflag-1673	6
samflag-1681	1
samflag-1697	3
samflag-1721	4
samflag-4179	3
samflag-4195	3
samflag-4243	3
samflag-4259	3
samflag-4677	17
samflag-4681	13
samflag-4689	7
samflag-4705	10
samflag-4721	1
samflag-4725	18
samflag-4729	24
samflag-4741	13
samflag-4745	17
samflag-4753	10
samflag-4769	6
samflag-4789	24
samflag-4793	18
samflag-577	83
samflag-581	486
samflag-585	550
samflag-589	43260
samflag-593	224
samflag-609	219
samflag-625	80
samflag-629	492
samflag-633	522
samflag-641	83
samflag-645	561
samflag-649	480
samflag-653	43260
samflag-657	219
samflag-673	225
samflag-689	81
samflag-693	528
samflag-697	488
samflag-83	42999
samflag-99	43014
total	266870
u	174816
u-pf	174816
u-pf-n	174714
u-pf-n-mm2	174714
u-pf-n-mm2-mito	174714
