chr22_17411320_17411474
chr22_17536375_17536659
chr22_17628772_17628881
chr22_17638560_17638761
chr22_17742560_17742668
chr22_17830023_17830292
chr22_17931476_17931537
chr22_18076226_18076359
chr22_18077754_18078008
chr22_19479692_19479858
chr22_19854798_19855100
chr22_20016828_20017087
chr22_20079891_20080068
chr22_20093498_20093649
chr22_20117245_20117446
chr22_20157044_20157305
chr22_20271671_20271863
chr22_20320033_20320217
chr22_20858745_20858938
chr22_20982099_20982280
chr22_21045770_21045933
chr22_21102856_21103130
chr22_21456397_21456595
chr22_21567629_21567888
chr22_21665950_21666051
chr22_21867649_21867809
chr22_21938158_21938270
chr22_21938274_21938337
chr22_22464187_22464368
chr22_22710829_22710968
chr22_22959270_22959484
chr22_23033628_23033785
chr22_23204831_23204907
chr22_23385942_23386209
chr22_23397163_23397442
chr22_23521958_23522026
chr22_23539699_23539857
chr22_23717268_23717544
chr22_23913992_23914193
chr22_23956621_23956789
chr22_24011120_24011438
chr22_24105129_24105213
chr22_24107740_24107964
chr22_24162040_24162214
chr22_24181578_24181699
chr22_24322110_24322199
chr22_24471705_24471826
chr22_24555894_24555962
chr22_24593110_24593324
chr22_24685953_24686143
chr22_24952497_24952753
chr22_25447959_25448113
chr22_25833808_25833995
chr22_26302840_26303041
chr22_26331123_26331245
chr22_26398713_26398991
chr22_26466308_26466463
chr22_26512352_26512632
chr22_26672630_26672831
chr22_27880894_27881074
chr22_27919217_27919609
chr22_28679778_28679941
chr22_28741771_28742101
chr22_28772565_28772733
chr22_28800496_28800804
chr22_28894432_28894710
chr22_29154485_29154686
chr22_29187870_29188071
chr22_29344177_29344400
chr22_29359640_29359695
chr22_29388518_29388650
chr22_29395111_29395373
chr22_29454408_29454650
chr22_29553686_29553940
chr22_29603372_29603498
chr22_29766896_29767209
chr22_29767219_29767531
chr22_29838255_29838456
chr22_30423887_30424297
chr22_30591824_30592392
chr22_30634605_30634707
chr22_30667737_30667905
chr22_30706391_30706592
chr22_30920430_30920573
chr22_30968962_30969349
chr22_31107651_31107816
chr22_31122868_31122980
chr22_31149122_31149276
chr22_31160048_31160273
chr22_31212096_31212238
chr22_31350590_31350693
chr22_31399373_31399762
chr22_31496409_31496489
chr22_31575248_31575427
chr22_31662129_31662399
chr22_31676770_31676949
chr22_31750096_31750385
chr22_31753662_31754024
chr22_31918840_31919046
chr22_31919133_31919361
chr22_31944411_31944608
chr22_31970770_31970859
chr22_32412132_32412431
chr22_32474500_32474822
chr22_33271725_33271874
chr22_33302126_33302343
chr22_33875255_33875479
chr22_33921192_33921260
chr22_35070641_35070892
chr22_35177865_35178298
chr22_35257402_35257584
chr22_35299743_35299912
chr22_35350839_35351057
chr22_35399859_35400261
chr22_35623351_35623545
chr22_35961585_35961762
chr22_36028980_36029174
chr22_36123958_36124203
chr22_36388045_36388394
chr22_36410095_36410340
chr22_36481364_36481569
chr22_36481574_36481716
chr22_36659847_36660012
chr22_36776123_36776637
chr22_36856404_36856640
chr22_37199357_37199677
chr22_37567393_37567619
chr22_37581567_37581839
chr22_37658526_37658727
chr22_38057291_38057395
chr22_38353256_38353464
chr22_38656343_38656680
chr22_38793990_38794349
chr22_38923972_38924030
chr22_38935072_38935317
chr22_39003216_39003397
chr22_39316506_39316664
chr22_39319469_39319943
chr22_39356642_39356760
chr22_39576461_39576556
chr22_40044145_40044330
chr22_40044461_40044788
chr22_40177866_40177946
chr22_40199359_40199485
chr22_40215339_40215450
chr22_40449719_40449915
chr22_40819365_40819586
chr22_40856622_40857186
chr22_40951164_40951524
chr22_40951562_40951763
chr22_41091151_41091866
chr22_41205060_41205338
chr22_41286296_41286455
chr22_41334318_41334483
chr22_41381405_41381477
chr22_41381668_41381953
chr22_41403858_41404116
chr22_41418093_41418290
chr22_41488139_41488311
chr22_41589846_41590050
chr22_41621103_41621163
chr22_41621167_41621371
chr22_41697201_41697358
chr22_41746704_41746867
chr22_41800476_41800635
chr22_41832796_41833043
chr22_41870893_41871032
chr22_41903008_41903431
chr22_41935086_41935294
chr22_41941399_41941453
chr22_42344716_42344865
chr22_42614815_42615134
chr22_42615202_42615467
chr22_42780155_42780367
chr22_42856974_42857139
chr22_42857206_42857461
chr22_42869027_42869182
chr22_42947782_42947935
chr22_43015072_43015444
chr22_43077424_43077714
chr22_43089082_43089581
chr22_43090251_43090469
chr22_43143257_43143554
chr22_43385790_43385855
chr22_43955202_43955540
chr22_44626265_44626479
chr22_45309607_45309817
chr22_46116517_46116656
chr22_46250176_46250499
chr22_46296719_46296830
chr22_46731383_46731595
chr22_46769373_46769515
chr22_47547926_47547977
chr22_47547982_47548122
chr22_47990646_47990704
chr22_48153756_48153957
chr22_48223894_48224144
chr22_48315498_48316130
chr22_49769043_49769212
chr22_49853521_49853723
chr22_49892236_49892576
chr22_49918099_49918682
chr22_50030392_50030592
chr22_50244989_50245126
chr22_50417101_50417302
chr22_50459864_50460006
chr22_50525592_50525674
chr22_50562982_50563037
chr22_50582785_50582849
chr22_50582851_50583155
chr22_50623112_50623247
chr22_50699093_50699331
chr22_50783561_50783734
