## htsjdk.samtools.metrics.StringHeader
# picard.sam.markduplicates.MarkDuplicatesWithMateCigar MINIMUM_DISTANCE=300 INPUT=[clear.bam] OUTPUT=/dev/null METRICS_FILE=spotdups.txt ASSUME_SORTED=true READ_NAME_REGEX=[a-zA-Z0-9]+:[0-9]+:[a-zA-Z0-9]+:[0-9]+:([0-9]+):([0-9]+):([0-9]+).* VALIDATION_STRINGENCY=SILENT    SKIP_PAIRS_WITH_NO_MATE_CIGAR=true BLOCK_SIZE=100000 REMOVE_DUPLICATES=false DUPLICATE_SCORING_STRATEGY=TOTAL_MAPPED_REFERENCE_LENGTH PROGRAM_RECORD_ID=MarkDuplicates PROGRAM_GROUP_NAME=MarkDuplicatesWithMateCigar OPTICAL_DUPLICATE_PIXEL_DISTANCE=100 VERBOSITY=INFO QUIET=false COMPRESSION_LEVEL=5 MAX_RECORDS_IN_RAM=500000 CREATE_INDEX=false CREATE_MD5_FILE=false GA4GH_CLIENT_SECRETS=client_secrets.json
## htsjdk.samtools.metrics.StringHeader
# Started on: Thu Nov 14 14:22:18 PST 2019

## METRICS CLASS	picard.sam.DuplicationMetrics
LIBRARY	UNPAIRED_READS_EXAMINED	READ_PAIRS_EXAMINED	SECONDARY_OR_SUPPLEMENTARY_RDS	UNMAPPED_READS	UNPAIRED_READ_DUPLICATES	READ_PAIR_DUPLICATES	READ_PAIR_OPTICAL_DUPLICATES	PERCENT_DUPLICATION	ESTIMATED_LIBRARY_SIZE
Unknown Library	81105	0	0	0	2993	0	0	0.036903	


