  total tags  hotspot tags    SPOT
       81092         39462  0.4866
