aligned-readlength-36	81105
all-aligned	83669
all-mapq-filter	2564
autosomal-align	81105
chr22	81070
chr22_KI270733v1_random	6
chr22_KI270735v1_random	2
chr22_KI270736v1_random	4
chr22_KI270737v1_random	1
duplicate	2993
duplicate-nuclear	2993
mapq-0	52155
mapq-1	6
mapq-10	43
mapq-11	36
mapq-12	57
mapq-13	76
mapq-14	35
mapq-15	93
mapq-16	49
mapq-17	89
mapq-18	108
mapq-2	9
mapq-20	276
mapq-23	1090
mapq-25	4696
mapq-3	11
mapq-37	74457
mapq-4	16
mapq-5	14
mapq-6	16
mapq-7	30
mapq-8	34
mapq-9	39
mm	2372
nm	49766
nuclear-align	81105
paired-aligned	0
paired-autosomal-align	0
paired-nuclear-align	0
pf	332024
qc	0
qc-flagged	52330
readlength-36	133435
samflag-0	39091
samflag-1024	1540
samflag-1040	1453
samflag-1536	5
samflag-1552	8
samflag-16	39021
samflag-512	1263
samflag-516	49766
samflag-528	1288
total	332024
u	81105
u-pf	81105
u-pf-n	81083
u-pf-n-mm2	81083
u-pf-n-mm2-mito	81083
